// Vitest Snapshot v1, https://vitest.dev/guide/snapshot.html

exports[`generación de posts de Melera > datos firmados en las URLs, pedido a Gemini y textos de Telegram 1`] = `
{
  "gemini": [
    {
      "post": {
        "caption": null,
        "categoria": "miel pura",
        "copy": null,
        "createdAt": 2026-09-27T12:00:00.000Z,
        "destino": null,
        "error": null,
        "estado": "pendiente",
        "estilo": "geo",
        "fecha": 2026-09-28T00:00:00.000Z,
        "feedMediaId": null,
        "feedUrl": null,
        "generadoEn": null,
        "id": 13,
        "imagenUrl": "https://melera.vercel.app/producto-miel-500g.png",
        "nombreProducto": "Miel <em>Artesanal</em>",
        "precio": "6500",
        "presentacion": "frasco 500 g",
        "publicadoEn": null,
        "storyMediaId": null,
        "storyUrl": null,
        "telegramMessageId": null,
        "tema": "tema de prueba",
        "tipo": "producto",
        "updatedAt": 2026-09-27T12:00:00.000Z,
      },
      "promos": undefined,
    },
    {
      "post": {
        "caption": null,
        "categoria": null,
        "copy": null,
        "createdAt": 2026-09-27T12:00:00.000Z,
        "destino": null,
        "error": null,
        "estado": "pendiente",
        "estilo": "organico",
        "fecha": 2026-09-28T00:00:00.000Z,
        "feedMediaId": null,
        "feedUrl": null,
        "generadoEn": null,
        "id": 14,
        "imagenUrl": null,
        "nombreProducto": null,
        "precio": null,
        "presentacion": null,
        "publicadoEn": null,
        "storyMediaId": null,
        "storyUrl": null,
        "telegramMessageId": null,
        "tema": "tema de prueba",
        "tipo": "dato",
        "updatedAt": 2026-09-27T12:00:00.000Z,
      },
      "promos": undefined,
    },
    {
      "post": {
        "caption": null,
        "categoria": null,
        "copy": null,
        "createdAt": 2026-09-27T12:00:00.000Z,
        "destino": null,
        "error": null,
        "estado": "pendiente",
        "estilo": "panal",
        "fecha": 2026-09-28T00:00:00.000Z,
        "feedMediaId": null,
        "feedUrl": null,
        "generadoEn": null,
        "id": 12,
        "imagenUrl": null,
        "nombreProducto": null,
        "precio": null,
        "presentacion": null,
        "publicadoEn": null,
        "storyMediaId": null,
        "storyUrl": null,
        "telegramMessageId": null,
        "tema": "tema de prueba",
        "tipo": "promo",
        "updatedAt": 2026-09-27T12:00:00.000Z,
      },
      "promos": "1 frasco a $ 6.500 · 5 frascos a $ 30.000 · 10 frascos a $ 55.000",
    },
  ],
  "imagenes": [
    {
      "base": "https://melera.vercel.app",
      "datos": {
        "caracteristicas": "Artesanal|Sin aditivos|Frasco 500 g",
        "cta": "Pedila en la web",
        "estilo": "geo",
        "fecha": "2026-09-28",
        "imagen_url": "https://melera.vercel.app/producto-miel-500g.png",
        "nombre_producto": "Miel <em>Artesanal</em>",
        "numero": "50.000+",
        "precio": "$6.500",
        "tagline": "la magia de la colmena",
        "texto": "Desde nuestras colmenas a tu mesa.",
        "texto_dato": "abejas pueden vivir en una sola colmena",
        "tipo": "producto",
        "titulo": "Pura, <em>natural</em>",
      },
      "formato": "feed",
    },
    {
      "base": "https://melera.vercel.app",
      "datos": {
        "caracteristicas": "Artesanal|Sin aditivos|Frasco 500 g",
        "cta": "Pedila en la web",
        "estilo": "geo",
        "fecha": "2026-09-28",
        "imagen_url": "https://melera.vercel.app/producto-miel-500g.png",
        "nombre_producto": "Miel <em>Artesanal</em>",
        "numero": "50.000+",
        "precio": "$6.500",
        "tagline": "la magia de la colmena",
        "texto": "Desde nuestras colmenas a tu mesa.",
        "texto_dato": "abejas pueden vivir en una sola colmena",
        "tipo": "producto",
        "titulo": "Pura, <em>natural</em>",
      },
      "formato": "story",
    },
    {
      "base": "https://melera.vercel.app",
      "datos": {
        "caracteristicas": "Artesanal|Sin aditivos|Frasco 500 g",
        "cta": "Pedila en la web",
        "estilo": "organico",
        "fecha": "2026-09-28",
        "numero": "50.000+",
        "tagline": "la magia de la colmena",
        "texto": "Desde nuestras colmenas a tu mesa.",
        "texto_dato": "abejas pueden vivir en una sola colmena",
        "tipo": "dato",
        "titulo": "Pura, <em>natural</em>",
      },
      "formato": "feed",
    },
    {
      "base": "https://melera.vercel.app",
      "datos": {
        "caracteristicas": "Artesanal|Sin aditivos|Frasco 500 g",
        "cta": "Pedila en la web",
        "estilo": "organico",
        "fecha": "2026-09-28",
        "numero": "50.000+",
        "tagline": "la magia de la colmena",
        "texto": "Desde nuestras colmenas a tu mesa.",
        "texto_dato": "abejas pueden vivir en una sola colmena",
        "tipo": "dato",
        "titulo": "Pura, <em>natural</em>",
      },
      "formato": "story",
    },
    {
      "base": "https://melera.vercel.app",
      "datos": {
        "caracteristicas": "Artesanal|Sin aditivos|Frasco 500 g",
        "cta": "Pedila en la web",
        "estilo": "panal",
        "fecha": "2026-09-28",
        "imagen_url": "https://melera.vercel.app/producto-miel-500g.png",
        "numero": "50.000+",
        "promos": "1 frasco|$ 6.500|;5 frascos|$ 30.000|$ 6.000 c/u · ahorrás $ 2.500;10 frascos|$ 55.000|$ 5.500 c/u · ahorrás $ 10.000",
        "semilla": "12",
        "tagline": "la magia de la colmena",
        "texto": "Desde nuestras colmenas a tu mesa.",
        "texto_dato": "abejas pueden vivir en una sola colmena",
        "tipo": "promo",
        "titulo": "Pura, <em>natural</em>",
      },
      "formato": "feed",
    },
    {
      "base": "https://melera.vercel.app",
      "datos": {
        "caracteristicas": "Artesanal|Sin aditivos|Frasco 500 g",
        "cta": "Pedila en la web",
        "estilo": "panal",
        "fecha": "2026-09-28",
        "imagen_url": "https://melera.vercel.app/producto-miel-500g.png",
        "numero": "50.000+",
        "promos": "1 frasco|$ 6.500|;5 frascos|$ 30.000|$ 6.000 c/u · ahorrás $ 2.500;10 frascos|$ 55.000|$ 5.500 c/u · ahorrás $ 10.000",
        "semilla": "12",
        "tagline": "la magia de la colmena",
        "texto": "Desde nuestras colmenas a tu mesa.",
        "texto_dato": "abejas pueden vivir en una sola colmena",
        "tipo": "promo",
        "titulo": "Pura, <em>natural</em>",
      },
      "formato": "story",
    },
  ],
  "telegram": {
    "fotos": [
      {
        "caption": "📱 Versión historia · post #13",
        "nombreArchivo": "post-13-historia.jpg",
        "silencioso": true,
      },
      {
        "caption": "📱 Versión historia · post #14",
        "nombreArchivo": "post-14-historia.jpg",
        "silencioso": true,
      },
      {
        "caption": "📱 Versión historia · post #12",
        "nombreArchivo": "post-12-historia.jpg",
        "silencioso": true,
      },
      {
        "caption": "producto (geo) · 2026-09-28 · post #13

Caption de prueba #miel

¿Dónde lo publicamos?",
        "nombreArchivo": "post-13-feed.jpg",
        "silencioso": undefined,
      },
      {
        "caption": "dato (organico) · 2026-09-28 · post #14

Caption de prueba #miel

¿Dónde lo publicamos?",
        "nombreArchivo": "post-14-feed.jpg",
        "silencioso": undefined,
      },
      {
        "caption": "promo (panal) · 2026-09-28 · post #12

Caption de prueba #miel

¿Dónde lo publicamos?",
        "nombreArchivo": "post-12-feed.jpg",
        "silencioso": undefined,
      },
    ],
    "mensajes": [],
  },
}
`;

exports[`plantillas de Instagram de Melera > logo embebido en las plantillas 1`] = `"0795fd1fa0e2091f71cd2f8015eb4f7de8d31050cd5b4e9517954d72366fb423"`;
